
========================================
FECHA: 2026-05-25T18:51:46.122Z
DESTINATARIO: davidguzmanc026@gmail.com (José David Guzmán  Calderón)
ASUNTO: Bienvenido a la Academia IMCYC - Tu cuenta ha sido creada
----------------------------------------
ID ESTUDIANTE: EST-0001
CONTRASENA GENERADA: E1GuCaJo26
GRUPO/COHORTE: Ninguno
----------------------------------------
CONTENIDO (HTML):

    <div style="font-family: Arial, sans-serif; max-width: 600px; margin: 0 auto; border: 1px solid #B0B3B5; border-radius: 8px; overflow: hidden; box-shadow: 0 4px 12px rgba(0,0,0,0.05);">
      <div style="background-color: #0073A5; padding: 24px; text-align: center; color: white;">
        <h1 style="margin: 0; font-size: 24px; font-weight: 800;">Academia IMCYC</h1>
        <p style="margin: 4px 0 0 0; font-size: 14px; opacity: 0.9;">Instituto Mexicano del Cemento y del Concreto A.C.</p>
      </div>
      
      <div style="padding: 24px; background-color: #FFFFFF; color: #334155; line-height: 1.6;">
        <h2 style="color: #0073A5; margin-top: 0; font-size: 20px;">¡Hola, José David Guzmán  Calderón!</h2>
        <p>Te damos la más cordial bienvenida a la plataforma digital de la <strong>Academia IMCYC</strong>. Tu cuenta de estudiante ha sido creada exitosamente por el administrador.</p>
        
        <div style="background-color: #F8FAFC; border: 1px solid #E2E8F0; padding: 16px; border-radius: 8px; margin: 20px 0;">
          <h3 style="margin-top: 0; color: #0073A5; font-size: 16px;">Tus Credenciales de Acceso:</h3>
          <table style="width: 100%; font-size: 14px; border-collapse: collapse;">
            <tr>
              <td style="padding: 6px 0; font-weight: bold; color: #64748B; width: 150px;">Usuario (Correo):</td>
              <td style="padding: 6px 0; color: #0F172A; font-weight: 600;">davidguzmanc026@gmail.com</td>
            </tr>
            <tr>
              <td style="padding: 6px 0; font-weight: bold; color: #64748B;">ID de Estudiante:</td>
              <td style="padding: 6px 0; color: #0F172A; font-weight: 600;">EST-0001</td>
            </tr>
            <tr>
              <td style="padding: 6px 0; font-weight: bold; color: #64748B;">Contraseña Temporal:</td>
              <td style="padding: 6px 0; color: #E11D48; font-family: monospace; font-size: 16px; font-weight: bold; letter-spacing: 0.05em;">E1GuCaJo26</td>
            </tr>
            
          </table>
        </div>
        
        <p>Te sugerimos cambiar tu contraseña una vez que ingreses a la plataforma por primera vez.</p>
        
        <div style="text-align: center; margin: 30px 0 10px 0;">
          <a href="http://localhost:3000" style="background-color: #0073A5; color: white; padding: 12px 24px; border-radius: 6px; text-decoration: none; font-weight: bold; font-size: 14px; box-shadow: 0 4px 10px rgba(0, 115, 165, 0.2);">
            Ingresar a la Academia
          </a>
        </div>
      </div>
      
      <div style="background-color: #F1F5F9; padding: 16px; text-align: center; font-size: 11px; color: #64748B; border-top: 1px solid #E2E8F0;">
        <p style="margin: 0;">Este es un correo automático, por favor no respondas a esta dirección.</p>
        <p style="margin: 4px 0 0 0;">Contacto: <strong>cursos@imcyc.com</strong> | Tel: <strong>(55) 53 22 57 40 Ext. 210</strong></p>
      </div>
    </div>
  
========================================

